usage: finetune_test.py [-h] [--bs BS] [--arch ARCH] [--gpus GPUS]
                        [--truly_finetune_epochs TRULY_FINETUNE_EPOCHS]
                        [--finetune_lr FINETUNE_LR] [--notes NOTES]
                        [--path PATH] [--seed SEED]
                        [--num_train_samples NUM_TRAIN_SAMPLES]
                        [--optimizer OPTIMIZER] [--start {sophon,normal,both}]
                        [--num_bits_to_flip NUM_BITS_TO_FLIP]
finetune_test.py: error: argument --num_bits_to_flip: expected one argument
usage: finetune_test.py [-h] [--bs BS] [--arch ARCH] [--gpus GPUS]
                        [--truly_finetune_epochs TRULY_FINETUNE_EPOCHS]
                        [--finetune_lr FINETUNE_LR] [--notes NOTES]
                        [--path PATH] [--seed SEED]
                        [--num_train_samples NUM_TRAIN_SAMPLES]
                        [--optimizer OPTIMIZER] [--start {sophon,normal,both}]
                        [--num_bits_to_flip NUM_BITS_TO_FLIP]
finetune_test.py: error: argument --num_bits_to_flip: expected one argument
usage: finetune_test.py [-h] [--bs BS] [--arch ARCH] [--gpus GPUS]
                        [--truly_finetune_epochs TRULY_FINETUNE_EPOCHS]
                        [--finetune_lr FINETUNE_LR] [--notes NOTES]
                        [--path PATH] [--seed SEED]
                        [--num_train_samples NUM_TRAIN_SAMPLES]
                        [--optimizer OPTIMIZER] [--start {sophon,normal,both}]
                        [--num_bits_to_flip NUM_BITS_TO_FLIP]
finetune_test.py: error: argument --num_bits_to_flip: expected one argument
